{
 "cells": [
  {
   "cell_type": "markdown",
   "id": "045bae5c-3fa6-492d-9bab-981c5a459740",
   "metadata": {},
   "source": [
    "### Instruction (Win)\n",
    "#### 1. Install smartmontools: https://sourceforge.net/projects/smartmontools/files/smartmontools/\n",
    "#### 2. Install pySMART\n",
    "#### 3. Update SMARTCTL_PATH at pySMART.utils\n",
    "#### 3.1 pySMART path: (C:\\ProgramData\\Anaconda3\\envs\\<env_name>\\Lib\\site-packages\\pySMART)\n",
    "#### 3.2 New path: which(\"smartctl\", path=\"C:\\\\Program Files\\\\smartmontools\\\\bin\")"
   ]
  },
  {
   "cell_type": "code",
   "execution_count": 4,
   "id": "bdeaf7c9-6ebc-4300-b976-ead224171afd",
   "metadata": {},
   "outputs": [
    {
     "name": "stdout",
     "output_type": "stream",
     "text": [
      "Requirement already satisfied: pysmart in c:\\programdata\\anaconda3\\envs\\systtf\\lib\\site-packages (1.3.0)\n",
      "Requirement already satisfied: chardet in c:\\programdata\\anaconda3\\envs\\systtf\\lib\\site-packages (from pysmart) (5.2.0)\n",
      "Requirement already satisfied: humanfriendly in c:\\programdata\\anaconda3\\envs\\systtf\\lib\\site-packages (from pysmart) (10.0)\n",
      "Requirement already satisfied: pyreadline3 in c:\\programdata\\anaconda3\\envs\\systtf\\lib\\site-packages (from humanfriendly->pysmart) (3.5.4)\n"
     ]
    }
   ],
   "source": [
    "!pip install pysmart "
   ]
  },
  {
   "cell_type": "code",
   "execution_count": 17,
   "id": "0076d8a0-23cf-4ec0-9f53-cc8b000a1f85",
   "metadata": {},
   "outputs": [],
   "source": [
    "# import pySMART\n",
    "# from shutil import which\n",
    "\n",
    "# pySMART.utils.SMARTCTL_PATH = which(\"smartctl\", path=\"C:\\\\Program Files\\\\smartmontools\\\\bin\")"
   ]
  },
  {
   "cell_type": "code",
   "execution_count": 1,
   "id": "fa5d69c0-dc69-4fcf-a9df-6aaf2e8422bc",
   "metadata": {},
   "outputs": [
    {
     "name": "stderr",
     "output_type": "stream",
     "text": [
      "Detected encoding: ISO-8859-1\n"
     ]
    },
    {
     "name": "stdout",
     "output_type": "stream",
     "text": [
      "ID# ATTRIBUTE_NAME          CUR WST THR TYPE     UPDATED WHEN_FAIL   RAW\n",
      "  1 Raw_Read_Error_Rate     077  64  44 Pre-fail Always  -           53906004\n",
      "  3 Spin_Up_Time            091  91   0 Pre-fail Always  -           0\n",
      "  4 Start_Stop_Count        100 100  20 Old_age  Always  -           13\n",
      "  5 Reallocated_Sector_Ct   100 100  10 Pre-fail Always  -           0\n",
      "  7 Seek_Error_Rate         079  60  45 Pre-fail Always  -           86067107\n",
      "  9 Power_On_Hours          088  88   0 Old_age  Always  -           10749\n",
      " 10 Spin_Retry_Count        100 100  97 Pre-fail Always  -           0\n",
      " 12 Power_Cycle_Count       100 100  20 Old_age  Always  -           13\n",
      " 18 Unknown_Attribute       100 100  50 Pre-fail Always  -           0\n",
      "187 Reported_Uncorrect      100 100   0 Old_age  Always  -           0\n",
      "188 Command_Timeout         100 100   0 Old_age  Always  -           0\n",
      "190 Airflow_Temperature_Cel 061  50   0 Old_age  Always  -           39 (Min/Max 30/45)\n",
      "192 Power-Off_Retract_Count 100 100   0 Old_age  Always  -           4\n",
      "193 Load_Cycle_Count        093  93   0 Old_age  Always  -           14535\n",
      "194 Temperature_Celsius     039  50   0 Old_age  Always  -           39 (0 23 0 0 0)\n",
      "197 Current_Pending_Sector  100 100   0 Old_age  Always  -           0\n",
      "198 Offline_Uncorrectable   100 100   0 Old_age  Offline -           0\n",
      "199 UDMA_CRC_Error_Count    200 200   0 Old_age  Always  -           0\n",
      "200 Multi_Zone_Error_Rate   100 100   1 Pre-fail Always  -           0\n",
      "240 Head_Flying_Hours       100 100   0 Old_age  Offline -           3792 (189 86 0)\n",
      "241 Total_LBAs_Written      100 253   0 Old_age  Offline -           44736577737\n",
      "242 Total_LBAs_Read         100 253   0 Old_age  Offline -           377726846318\n"
     ]
    }
   ],
   "source": [
    "# https://github.com/intelfx/pySMART?ysclid=m2bst6u1l83151073\n",
    "from pySMART import Device\n",
    "sda = Device(r'/dev/sda')\n",
    "sda.all_attributes()"
   ]
  },
  {
   "cell_type": "code",
   "execution_count": 2,
   "id": "a166f603-3f81-40ce-a3ae-488752643e1b",
   "metadata": {},
   "outputs": [
    {
     "name": "stderr",
     "output_type": "stream",
     "text": [
      "Detected encoding: ISO-8859-1\n",
      "Detected encoding: ISO-8859-1\n",
      "Detected encoding: ISO-8859-1\n"
     ]
    },
    {
     "name": "stdout",
     "output_type": "stream",
     "text": [
      "ID# ATTRIBUTE_NAME          CUR WST THR TYPE     UPDATED WHEN_FAIL   RAW\n",
      "  1 Raw_Read_Error_Rate     077  64  44 Pre-fail Always  -           53906004\n",
      "  3 Spin_Up_Time            091  91   0 Pre-fail Always  -           0\n",
      "  4 Start_Stop_Count        100 100  20 Old_age  Always  -           13\n",
      "  5 Reallocated_Sector_Ct   100 100  10 Pre-fail Always  -           0\n",
      "  7 Seek_Error_Rate         079  60  45 Pre-fail Always  -           86067117\n",
      "  9 Power_On_Hours          088  88   0 Old_age  Always  -           10749\n",
      " 10 Spin_Retry_Count        100 100  97 Pre-fail Always  -           0\n",
      " 12 Power_Cycle_Count       100 100  20 Old_age  Always  -           13\n",
      " 18 Unknown_Attribute       100 100  50 Pre-fail Always  -           0\n",
      "187 Reported_Uncorrect      100 100   0 Old_age  Always  -           0\n",
      "188 Command_Timeout         100 100   0 Old_age  Always  -           0\n",
      "190 Airflow_Temperature_Cel 061  50   0 Old_age  Always  -           39 (Min/Max 30/45)\n",
      "192 Power-Off_Retract_Count 100 100   0 Old_age  Always  -           4\n",
      "193 Load_Cycle_Count        093  93   0 Old_age  Always  -           14535\n",
      "194 Temperature_Celsius     039  50   0 Old_age  Always  -           39 (0 23 0 0 0)\n",
      "197 Current_Pending_Sector  100 100   0 Old_age  Always  -           0\n",
      "198 Offline_Uncorrectable   100 100   0 Old_age  Offline -           0\n",
      "199 UDMA_CRC_Error_Count    200 200   0 Old_age  Always  -           0\n",
      "200 Multi_Zone_Error_Rate   100 100   1 Pre-fail Always  -           0\n",
      "240 Head_Flying_Hours       100 100   0 Old_age  Offline -           3792 (192 151 0)\n",
      "241 Total_LBAs_Written      100 253   0 Old_age  Offline -           44736577737\n",
      "242 Total_LBAs_Read         100 253   0 Old_age  Offline -           377726846318\n"
     ]
    }
   ],
   "source": [
    "from pySMART import DeviceList\n",
    "devlist = DeviceList()\n",
    "devlist[0].all_attributes()"
   ]
  },
  {
   "cell_type": "code",
   "execution_count": 7,
   "id": "8afa99a9-026f-42d2-a3f8-fb022b35a686",
   "metadata": {},
   "outputs": [],
   "source": [
    "### Dummy serialization...\n",
    "# import pickle\n",
    "\n",
    "# with open('sultan_smart.pickle', 'wb') as handle:\n",
    "#     d = {\"e\": devlist[0], \"interface\": devlist[0]._interface, \"name\": devlist[0].name,\n",
    "#          \"model\": devlist[0].model, \"serial\": devlist[0].serial, \"if\": devlist[0].if_attributes}\n",
    "#     pickle.dump(d, handle)\n",
    "# with open('sultan_smart.pickle', 'rb') as handle:\n",
    "#     d = pickle.load(handle)\n",
    "#     devlist_el = d[\"e\"]\n",
    "#     devlist_el._interface = d[\"interface\"]\n",
    "#     devlist_el.name = d[\"name\"]\n",
    "#     devlist_el.model = d[\"model\"]\n",
    "#     devlist_el.serial = d[\"serial\"]\n",
    "#     devlist_el.if_attributes = d[\"if\"]"
   ]
  },
  {
   "cell_type": "markdown",
   "id": "498f084b-eb16-47a0-b1cd-a5c70947af97",
   "metadata": {},
   "source": [
    "### Serialize **Device** objects"
   ]
  },
  {
   "cell_type": "code",
   "execution_count": null,
   "id": "3a9239a5-a169-420a-bc38-e560bf12efb0",
   "metadata": {},
   "outputs": [],
   "source": [
    "# Update __getstate__ method in:\n",
    "# C:\\ProgramData\\Anaconda3\\envs\\<env_name>\\Lib\\site-packages\\pySMART\\device.py\n",
    "\n",
    "# def __getstate__(self, all_info=True):\n",
    "#     \"\"\"\n",
    "#     Allows us to send a pySMART Device object over a serializable\n",
    "#     medium which uses json (or the likes of json) payloads\n",
    "#     \"\"\"\n",
    "#     state_dict = {\n",
    "#         'attributes': [attr.__getstate__() if attr else None for attr in self.attributes],\n",
    "#         'capacity': self._capacity_human,\n",
    "#         'diagnostics': self.diagnostics.__getstate__(all_info),\n",
    "#         'firmware': self.firmware,\n",
    "#         'if_attributes': self.if_attributes.__getstate__() if self.if_attributes else None,\n",
    "#         'interface': self._interface if self._interface else 'UNKNOWN INTERFACE',\n",
    "#         'is_ssd': self.is_ssd,\n",
    "#         'messages': self.messages,\n",
    "#         'model': self.model,\n",
    "#         'name': self.name,\n",
    "#         'path': self.dev_reference,\n",
    "#         'rotation_rate': self.rotation_rate,\n",
    "#         'serial': self.serial,\n",
    "#         'smart_capable': self.smart_capable,\n",
    "#         'smart_enabled': self.smart_enabled,\n",
    "#         'smart_status': self.assessment,\n",
    "#         'temperature': self.temperature,\n",
    "#         'test_capabilities': self.test_capabilities.copy(),\n",
    "#         'tests': [t.__getstate__() for t in self.tests] if self.tests else [],\n",
    "#     }\n",
    "#     return state_dict"
   ]
  },
  {
   "cell_type": "code",
   "execution_count": null,
   "id": "3b74997c-830d-4d99-8db7-f995ea20dc6b",
   "metadata": {},
   "outputs": [],
   "source": [
    "from pySMART import DeviceList, Device\n",
    "\n",
    "devlist = DeviceList()\n",
    "devlist[0].all_attributes()\n",
    "# devlist.__getstate__()[\"devices\"][0].__getstate__()"
   ]
  },
  {
   "cell_type": "code",
   "execution_count": 4,
   "id": "f5506def-c910-430e-aaea-d7d320ba6b6f",
   "metadata": {},
   "outputs": [],
   "source": [
    "import pickle\n",
    "\n",
    "for i in range(len(devlist.devices)):\n",
    "    with open(f'sultan_smart_device_{i}.pickle', 'wb') as handle:\n",
    "        pickle.dump(devlist[i].__getstate__(), handle)\n",
    "        \n",
    "with open('sultan_smart_device_0.pickle', 'rb') as handle:\n",
    "    device_ = pickle.load(handle)"
   ]
  },
  {
   "cell_type": "code",
   "execution_count": 6,
   "id": "7b40563c-ab96-456c-b80c-00135f4800d8",
   "metadata": {},
   "outputs": [
    {
     "data": {
      "text/plain": [
       "{'legacyAttributes': [None,\n",
       "  {'name': 'Raw_Read_Error_Rate',\n",
       "   'num': 1,\n",
       "   'flags': 15,\n",
       "   'raw': '53906004',\n",
       "   'value': '077',\n",
       "   'worst': 64,\n",
       "   'thresh': 44,\n",
       "   'type': 'Pre-fail',\n",
       "   'updated': 'Always',\n",
       "   'when_failed': '-',\n",
       "   '_value': '077',\n",
       "   '_worst': '064',\n",
       "   '_thresh': '044',\n",
       "   'raw_int': 53906004},\n",
       "  None,\n",
       "  {'name': 'Spin_Up_Time',\n",
       "   'num': 3,\n",
       "   'flags': 3,\n",
       "   'raw': '0',\n",
       "   'value': '091',\n",
       "   'worst': 91,\n",
       "   'thresh': 0,\n",
       "   'type': 'Pre-fail',\n",
       "   'updated': 'Always',\n",
       "   'when_failed': '-',\n",
       "   '_value': '091',\n",
       "   '_worst': '091',\n",
       "   '_thresh': '000',\n",
       "   'raw_int': 0},\n",
       "  {'name': 'Start_Stop_Count',\n",
       "   'num': 4,\n",
       "   'flags': 50,\n",
       "   'raw': '13',\n",
       "   'value': '100',\n",
       "   'worst': 100,\n",
       "   'thresh': 20,\n",
       "   'type': 'Old_age',\n",
       "   'updated': 'Always',\n",
       "   'when_failed': '-',\n",
       "   '_value': '100',\n",
       "   '_worst': '100',\n",
       "   '_thresh': '020',\n",
       "   'raw_int': 13},\n",
       "  {'name': 'Reallocated_Sector_Ct',\n",
       "   'num': 5,\n",
       "   'flags': 51,\n",
       "   'raw': '0',\n",
       "   'value': '100',\n",
       "   'worst': 100,\n",
       "   'thresh': 10,\n",
       "   'type': 'Pre-fail',\n",
       "   'updated': 'Always',\n",
       "   'when_failed': '-',\n",
       "   '_value': '100',\n",
       "   '_worst': '100',\n",
       "   '_thresh': '010',\n",
       "   'raw_int': 0},\n",
       "  None,\n",
       "  {'name': 'Seek_Error_Rate',\n",
       "   'num': 7,\n",
       "   'flags': 15,\n",
       "   'raw': '86067117',\n",
       "   'value': '079',\n",
       "   'worst': 60,\n",
       "   'thresh': 45,\n",
       "   'type': 'Pre-fail',\n",
       "   'updated': 'Always',\n",
       "   'when_failed': '-',\n",
       "   '_value': '079',\n",
       "   '_worst': '060',\n",
       "   '_thresh': '045',\n",
       "   'raw_int': 86067117},\n",
       "  None,\n",
       "  {'name': 'Power_On_Hours',\n",
       "   'num': 9,\n",
       "   'flags': 50,\n",
       "   'raw': '10749',\n",
       "   'value': '088',\n",
       "   'worst': 88,\n",
       "   'thresh': 0,\n",
       "   'type': 'Old_age',\n",
       "   'updated': 'Always',\n",
       "   'when_failed': '-',\n",
       "   '_value': '088',\n",
       "   '_worst': '088',\n",
       "   '_thresh': '000',\n",
       "   'raw_int': 10749},\n",
       "  {'name': 'Spin_Retry_Count',\n",
       "   'num': 10,\n",
       "   'flags': 19,\n",
       "   'raw': '0',\n",
       "   'value': '100',\n",
       "   'worst': 100,\n",
       "   'thresh': 97,\n",
       "   'type': 'Pre-fail',\n",
       "   'updated': 'Always',\n",
       "   'when_failed': '-',\n",
       "   '_value': '100',\n",
       "   '_worst': '100',\n",
       "   '_thresh': '097',\n",
       "   'raw_int': 0},\n",
       "  None,\n",
       "  {'name': 'Power_Cycle_Count',\n",
       "   'num': 12,\n",
       "   'flags': 50,\n",
       "   'raw': '13',\n",
       "   'value': '100',\n",
       "   'worst': 100,\n",
       "   'thresh': 20,\n",
       "   'type': 'Old_age',\n",
       "   'updated': 'Always',\n",
       "   'when_failed': '-',\n",
       "   '_value': '100',\n",
       "   '_worst': '100',\n",
       "   '_thresh': '020',\n",
       "   'raw_int': 13},\n",
       "  None,\n",
       "  None,\n",
       "  None,\n",
       "  None,\n",
       "  None,\n",
       "  {'name': 'Unknown_Attribute',\n",
       "   'num': 18,\n",
       "   'flags': 11,\n",
       "   'raw': '0',\n",
       "   'value': '100',\n",
       "   'worst': 100,\n",
       "   'thresh': 50,\n",
       "   'type': 'Pre-fail',\n",
       "   'updated': 'Always',\n",
       "   'when_failed': '-',\n",
       "   '_value': '100',\n",
       "   '_worst': '100',\n",
       "   '_thresh': '050',\n",
       "   'raw_int': 0},\n",
       "  None,\n",
       "  None,\n",
       "  None,\n",
       "  None,\n",
       "  None,\n",
       "  None,\n",
       "  None,\n",
       "  None,\n",
       "  None,\n",
       "  None,\n",
       "  None,\n",
       "  None,\n",
       "  None,\n",
       "  None,\n",
       "  None,\n",
       "  None,\n",
       "  None,\n",
       "  None,\n",
       "  None,\n",
       "  None,\n",
       "  None,\n",
       "  None,\n",
       "  None,\n",
       "  None,\n",
       "  None,\n",
       "  None,\n",
       "  None,\n",
       "  None,\n",
       "  None,\n",
       "  None,\n",
       "  None,\n",
       "  None,\n",
       "  None,\n",
       "  None,\n",
       "  None,\n",
       "  None,\n",
       "  None,\n",
       "  None,\n",
       "  None,\n",
       "  None,\n",
       "  None,\n",
       "  None,\n",
       "  None,\n",
       "  None,\n",
       "  None,\n",
       "  None,\n",
       "  None,\n",
       "  None,\n",
       "  None,\n",
       "  None,\n",
       "  None,\n",
       "  None,\n",
       "  None,\n",
       "  None,\n",
       "  None,\n",
       "  None,\n",
       "  None,\n",
       "  None,\n",
       "  None,\n",
       "  None,\n",
       "  None,\n",
       "  None,\n",
       "  None,\n",
       "  None,\n",
       "  None,\n",
       "  None,\n",
       "  None,\n",
       "  None,\n",
       "  None,\n",
       "  None,\n",
       "  None,\n",
       "  None,\n",
       "  None,\n",
       "  None,\n",
       "  None,\n",
       "  None,\n",
       "  None,\n",
       "  None,\n",
       "  None,\n",
       "  None,\n",
       "  None,\n",
       "  None,\n",
       "  None,\n",
       "  None,\n",
       "  None,\n",
       "  None,\n",
       "  None,\n",
       "  None,\n",
       "  None,\n",
       "  None,\n",
       "  None,\n",
       "  None,\n",
       "  None,\n",
       "  None,\n",
       "  None,\n",
       "  None,\n",
       "  None,\n",
       "  None,\n",
       "  None,\n",
       "  None,\n",
       "  None,\n",
       "  None,\n",
       "  None,\n",
       "  None,\n",
       "  None,\n",
       "  None,\n",
       "  None,\n",
       "  None,\n",
       "  None,\n",
       "  None,\n",
       "  None,\n",
       "  None,\n",
       "  None,\n",
       "  None,\n",
       "  None,\n",
       "  None,\n",
       "  None,\n",
       "  None,\n",
       "  None,\n",
       "  None,\n",
       "  None,\n",
       "  None,\n",
       "  None,\n",
       "  None,\n",
       "  None,\n",
       "  None,\n",
       "  None,\n",
       "  None,\n",
       "  None,\n",
       "  None,\n",
       "  None,\n",
       "  None,\n",
       "  None,\n",
       "  None,\n",
       "  None,\n",
       "  None,\n",
       "  None,\n",
       "  None,\n",
       "  None,\n",
       "  None,\n",
       "  None,\n",
       "  None,\n",
       "  None,\n",
       "  None,\n",
       "  None,\n",
       "  None,\n",
       "  None,\n",
       "  None,\n",
       "  None,\n",
       "  None,\n",
       "  None,\n",
       "  None,\n",
       "  None,\n",
       "  None,\n",
       "  None,\n",
       "  None,\n",
       "  None,\n",
       "  None,\n",
       "  None,\n",
       "  None,\n",
       "  None,\n",
       "  None,\n",
       "  None,\n",
       "  None,\n",
       "  None,\n",
       "  None,\n",
       "  None,\n",
       "  None,\n",
       "  {'name': 'Reported_Uncorrect',\n",
       "   'num': 187,\n",
       "   'flags': 50,\n",
       "   'raw': '0',\n",
       "   'value': '100',\n",
       "   'worst': 100,\n",
       "   'thresh': 0,\n",
       "   'type': 'Old_age',\n",
       "   'updated': 'Always',\n",
       "   'when_failed': '-',\n",
       "   '_value': '100',\n",
       "   '_worst': '100',\n",
       "   '_thresh': '000',\n",
       "   'raw_int': 0},\n",
       "  {'name': 'Command_Timeout',\n",
       "   'num': 188,\n",
       "   'flags': 50,\n",
       "   'raw': '0',\n",
       "   'value': '100',\n",
       "   'worst': 100,\n",
       "   'thresh': 0,\n",
       "   'type': 'Old_age',\n",
       "   'updated': 'Always',\n",
       "   'when_failed': '-',\n",
       "   '_value': '100',\n",
       "   '_worst': '100',\n",
       "   '_thresh': '000',\n",
       "   'raw_int': 0},\n",
       "  None,\n",
       "  {'name': 'Airflow_Temperature_Cel',\n",
       "   'num': 190,\n",
       "   'flags': 34,\n",
       "   'raw': '39 (Min/Max 30/45)',\n",
       "   'value': '061',\n",
       "   'worst': 50,\n",
       "   'thresh': 0,\n",
       "   'type': 'Old_age',\n",
       "   'updated': 'Always',\n",
       "   'when_failed': '-',\n",
       "   '_value': '061',\n",
       "   '_worst': '050',\n",
       "   '_thresh': '000',\n",
       "   'raw_int': 39},\n",
       "  None,\n",
       "  {'name': 'Power-Off_Retract_Count',\n",
       "   'num': 192,\n",
       "   'flags': 50,\n",
       "   'raw': '4',\n",
       "   'value': '100',\n",
       "   'worst': 100,\n",
       "   'thresh': 0,\n",
       "   'type': 'Old_age',\n",
       "   'updated': 'Always',\n",
       "   'when_failed': '-',\n",
       "   '_value': '100',\n",
       "   '_worst': '100',\n",
       "   '_thresh': '000',\n",
       "   'raw_int': 4},\n",
       "  {'name': 'Load_Cycle_Count',\n",
       "   'num': 193,\n",
       "   'flags': 50,\n",
       "   'raw': '14535',\n",
       "   'value': '093',\n",
       "   'worst': 93,\n",
       "   'thresh': 0,\n",
       "   'type': 'Old_age',\n",
       "   'updated': 'Always',\n",
       "   'when_failed': '-',\n",
       "   '_value': '093',\n",
       "   '_worst': '093',\n",
       "   '_thresh': '000',\n",
       "   'raw_int': 14535},\n",
       "  {'name': 'Temperature_Celsius',\n",
       "   'num': 194,\n",
       "   'flags': 34,\n",
       "   'raw': '39 (0 23 0 0 0)',\n",
       "   'value': '039',\n",
       "   'worst': 50,\n",
       "   'thresh': 0,\n",
       "   'type': 'Old_age',\n",
       "   'updated': 'Always',\n",
       "   'when_failed': '-',\n",
       "   '_value': '039',\n",
       "   '_worst': '050',\n",
       "   '_thresh': '000',\n",
       "   'raw_int': 39},\n",
       "  None,\n",
       "  None,\n",
       "  {'name': 'Current_Pending_Sector',\n",
       "   'num': 197,\n",
       "   'flags': 18,\n",
       "   'raw': '0',\n",
       "   'value': '100',\n",
       "   'worst': 100,\n",
       "   'thresh': 0,\n",
       "   'type': 'Old_age',\n",
       "   'updated': 'Always',\n",
       "   'when_failed': '-',\n",
       "   '_value': '100',\n",
       "   '_worst': '100',\n",
       "   '_thresh': '000',\n",
       "   'raw_int': 0},\n",
       "  {'name': 'Offline_Uncorrectable',\n",
       "   'num': 198,\n",
       "   'flags': 16,\n",
       "   'raw': '0',\n",
       "   'value': '100',\n",
       "   'worst': 100,\n",
       "   'thresh': 0,\n",
       "   'type': 'Old_age',\n",
       "   'updated': 'Offline',\n",
       "   'when_failed': '-',\n",
       "   '_value': '100',\n",
       "   '_worst': '100',\n",
       "   '_thresh': '000',\n",
       "   'raw_int': 0},\n",
       "  {'name': 'UDMA_CRC_Error_Count',\n",
       "   'num': 199,\n",
       "   'flags': 62,\n",
       "   'raw': '0',\n",
       "   'value': '200',\n",
       "   'worst': 200,\n",
       "   'thresh': 0,\n",
       "   'type': 'Old_age',\n",
       "   'updated': 'Always',\n",
       "   'when_failed': '-',\n",
       "   '_value': '200',\n",
       "   '_worst': '200',\n",
       "   '_thresh': '000',\n",
       "   'raw_int': 0},\n",
       "  {'name': 'Multi_Zone_Error_Rate',\n",
       "   'num': 200,\n",
       "   'flags': 35,\n",
       "   'raw': '0',\n",
       "   'value': '100',\n",
       "   'worst': 100,\n",
       "   'thresh': 1,\n",
       "   'type': 'Pre-fail',\n",
       "   'updated': 'Always',\n",
       "   'when_failed': '-',\n",
       "   '_value': '100',\n",
       "   '_worst': '100',\n",
       "   '_thresh': '001',\n",
       "   'raw_int': 0},\n",
       "  None,\n",
       "  None,\n",
       "  None,\n",
       "  None,\n",
       "  None,\n",
       "  None,\n",
       "  None,\n",
       "  None,\n",
       "  None,\n",
       "  None,\n",
       "  None,\n",
       "  None,\n",
       "  None,\n",
       "  None,\n",
       "  None,\n",
       "  None,\n",
       "  None,\n",
       "  None,\n",
       "  None,\n",
       "  None,\n",
       "  None,\n",
       "  None,\n",
       "  None,\n",
       "  None,\n",
       "  None,\n",
       "  None,\n",
       "  None,\n",
       "  None,\n",
       "  None,\n",
       "  None,\n",
       "  None,\n",
       "  None,\n",
       "  None,\n",
       "  None,\n",
       "  None,\n",
       "  None,\n",
       "  None,\n",
       "  None,\n",
       "  None,\n",
       "  {'name': 'Head_Flying_Hours',\n",
       "   'num': 240,\n",
       "   'flags': 0,\n",
       "   'raw': '3792 (192 151 0)',\n",
       "   'value': '100',\n",
       "   'worst': 100,\n",
       "   'thresh': 0,\n",
       "   'type': 'Old_age',\n",
       "   'updated': 'Offline',\n",
       "   'when_failed': '-',\n",
       "   '_value': '100',\n",
       "   '_worst': '100',\n",
       "   '_thresh': '000',\n",
       "   'raw_int': 3792},\n",
       "  {'name': 'Total_LBAs_Written',\n",
       "   'num': 241,\n",
       "   'flags': 0,\n",
       "   'raw': '44736577737',\n",
       "   'value': '100',\n",
       "   'worst': 253,\n",
       "   'thresh': 0,\n",
       "   'type': 'Old_age',\n",
       "   'updated': 'Offline',\n",
       "   'when_failed': '-',\n",
       "   '_value': '100',\n",
       "   '_worst': '253',\n",
       "   '_thresh': '000',\n",
       "   'raw_int': 44736577737},\n",
       "  {'name': 'Total_LBAs_Read',\n",
       "   'num': 242,\n",
       "   'flags': 0,\n",
       "   'raw': '377726846318',\n",
       "   'value': '100',\n",
       "   'worst': 253,\n",
       "   'thresh': 0,\n",
       "   'type': 'Old_age',\n",
       "   'updated': 'Offline',\n",
       "   'when_failed': '-',\n",
       "   '_value': '100',\n",
       "   '_worst': '253',\n",
       "   '_thresh': '000',\n",
       "   'raw_int': 377726846318},\n",
       "  None,\n",
       "  None,\n",
       "  None,\n",
       "  None,\n",
       "  None,\n",
       "  None,\n",
       "  None,\n",
       "  None,\n",
       "  None,\n",
       "  None,\n",
       "  None,\n",
       "  None,\n",
       "  None]}"
      ]
     },
     "execution_count": 6,
     "metadata": {},
     "output_type": "execute_result"
    }
   ],
   "source": [
    "device_[\"if_attributes\"]"
   ]
  },
  {
   "cell_type": "code",
   "execution_count": null,
   "id": "4ec09afb-faae-4754-b28b-baf93d7e4059",
   "metadata": {},
   "outputs": [],
   "source": []
  },
  {
   "cell_type": "markdown",
   "id": "f9e75846-9a41-4707-b8bf-8d069e38c72d",
   "metadata": {},
   "source": [
    "#### Without pySMART (only smartctl)\n",
    "#### Need to parse"
   ]
  },
  {
   "cell_type": "code",
   "execution_count": 31,
   "id": "98a88882-b0e0-49ea-8ccb-b68bfd04cd69",
   "metadata": {},
   "outputs": [
    {
     "name": "stdout",
     "output_type": "stream",
     "text": [
      "{\"data\": [{\"DISK_NAME\": \"sdc\", \"PARAMS\": \"smartctl 7.4 2023-08-01 r5530 [x86_64-w64-mingw32-2016-1607] (sf-7.4-1)\\r\\nCopyright (C) 2002-23, Bruce Allen, Christian Franke, www.smartmontools.org\\r\\n\\r\\n=== START OF INFORMATION SECTION ===\\r\\nModel Number:                       ADATA SX6000LNP\\r\\nSerial Number:                      2K362LADHAKX\\r\\nFirmware Version:                   V9002s57\\r\\nPCI Vendor/Subsystem ID:            0x10ec\\r\\nIEEE OUI Identifier:                0x00e04c\\r\\nController ID:                      1\\r\\nNVMe Version:                       1.3\\r\\nNumber of Namespaces:               1\\r\\nNamespace 1 Size/Capacity:          512\\u00a0110\\u00a0190\\u00a0592 [512 GB]\\r\\nNamespace 1 Formatted LBA Size:     512\\r\\nLocal Time is:                      Wed Oct 16 14:37:30 2024 RTZST\\r\\nFirmware Updates (0x02):            1 Slot\\r\\nOptional Admin Commands (0x0007):   Security Format Frmw_DL\\r\\nOptional NVM Commands (0x0014):     DS_Mngmt Sav/Sel_Feat\\r\\nLog Page Attributes (0x03):         S/H_per_NS Cmd_Eff_Lg\\r\\nMaximum Data Transfer Size:         32 Pages\\r\\nWarning  Comp. Temp. Threshold:     115 Celsius\\r\\nCritical Comp. Temp. Threshold:     120 Celsius\\r\\n\\r\\nSupported Power States\\r\\nSt Op     Max   Active     Idle   RL RT WL WT  Ent_Lat  Ex_Lat\\r\\n 0 +     8.00W       -        -    0  0  0  0        0   50000\\r\\n 1 +     4.00W       -        -    1  1  1  1        0   50000\\r\\n 2 +     3.00W       -        -    2  2  2  2        0   50000\\r\\n 3 -   0.0500W       -        -    3  3  3  3     4000   50000\\r\\n 4 -   0.0080W       -        -    4  4  4  4     8000  100000\\r\\n\\r\\nSupported LBA Sizes (NSID 0x1)\\r\\nId Fmt  Data  Metadt  Rel_Perf\\r\\n 0 +     512       0         0\\r\\n\\r\\n=== START OF SMART DATA SECTION ===\\r\\nSMART overall-health self-assessment test result: PASSED\\r\\n\\r\\nSMART/Health Information (NVMe Log 0x02)\\r\\nCritical Warning:                   0x00\\r\\nTemperature:                        40 Celsius\\r\\nAvailable Spare:                    100%\\r\\nAvailable Spare Threshold:          32%\\r\\nPercentage Used:                    1%\\r\\nData Units Read:                    5\\u00a0504\\u00a0595 [2,81 TB]\\r\\nData Units Written:                 41\\u00a0477\\u00a0463 [21,2 TB]\\r\\nHost Read Commands:                 138\\u00a0644\\u00a0451\\r\\nHost Write Commands:                296\\u00a0050\\u00a0223\\r\\nController Busy Time:               0\\r\\nPower Cycles:                       62\\r\\nPower On Hours:                     4\\u00a0550\\r\\nUnsafe Shutdowns:                   34\\r\\nMedia and Data Integrity Errors:    60\\r\\nError Information Log Entries:      0\\r\\nWarning  Comp. Temperature Time:    0\\r\\nCritical Comp. Temperature Time:    0\\r\\nThermal Temp. 1 Transition Count:   25\\r\\n\\r\\nError Information (NVMe Log 0x01, 8 of 8 entries)\\r\\nNo Errors Logged\\r\\n\\r\\nSelf-tests not supported\\r\\n\\r\\n\"}, {\"DISK_NAME\": \"sda\", \"PARAMS\": \"smartctl 7.4 2023-08-01 r5530 [x86_64-w64-mingw32-2016-1607] (sf-7.4-1)\\r\\nCopyright (C) 2002-23, Bruce Allen, Christian Franke, www.smartmontools.org\\r\\n\\r\\n=== START OF INFORMATION SECTION ===\\r\\nDevice Model:     ST20000NM007D-3DJ103\\r\\nSerial Number:    ZVT8904W\\r\\nLU WWN Device Id: 5 000c50 0e6623933\\r\\nFirmware Version: SN01\\r\\nUser Capacity:    20\\u00a0000\\u00a0588\\u00a0955\\u00a0648 bytes [20,0 TB]\\r\\nSector Sizes:     512 bytes logical, 4096 bytes physical\\r\\nRotation Rate:    7200 rpm\\r\\nForm Factor:      3.5 inches\\r\\nDevice is:        Not in smartctl database 7.3/5528\\r\\nATA Version is:   ACS-4 (minor revision not indicated)\\r\\nSATA Version is:  SATA 3.3, 6.0 Gb/s (current: 6.0 Gb/s)\\r\\nLocal Time is:    Wed Oct 16 14:37:30 2024 RTZST\\r\\nSMART support is: Available - device has SMART capability.\\r\\nSMART support is: Enabled\\r\\nAAM feature is:   Unavailable\\r\\nAPM feature is:   Unavailable\\r\\nRd look-ahead is: Enabled\\r\\nWrite cache is:   Enabled\\r\\nDSN feature is:   Disabled\\r\\nATA Security is:  Disabled, frozen [SEC2]\\r\\nWrite SCT (Get) Feature Control Command failed: Input/output error\\r\\nWt Cache Reorder: Unknown (SCT Feature Control command failed)\\r\\n\\r\\nRead SMART Data failed: Input/output error\\r\\n\\r\\n=== START OF READ SMART DATA SECTION ===\\r\\nSMART overall-health self-assessment test result: PASSED\\r\\n\\r\\nGeneral Purpose Log Directory Version 1\\r\\nSMART           Log Directory Version 1 [multi-sector log support]\\r\\nAddress    Access  R/W   Size  Description\\r\\n0x00       GPL,SL  R/O      1  Log Directory\\r\\n0x01           SL  R/O      1  Summary SMART error log\\r\\n0x02           SL  R/O      5  Comprehensive SMART error log\\r\\n0x03       GPL     R/O      5  Ext. Comprehensive SMART error log\\r\\n0x04       GPL     R/O    256  Device Statistics log\\r\\n0x04       SL      R/O      8  Device Statistics log\\r\\n0x06           SL  R/O      1  SMART self-test log\\r\\n0x07       GPL     R/O      1  Extended self-test log\\r\\n0x08       GPL     R/O      2  Power Conditions log\\r\\n0x09           SL  R/W      1  Selective self-test log\\r\\n0x0a       GPL     R/W      8  Device Statistics Notification\\r\\n0x0c       GPL     R/O   2048  Pending Defects log\\r\\n0x10       GPL     R/O      1  NCQ Command Error log\\r\\n0x11       GPL     R/O      1  SATA Phy Event Counters log\\r\\n0x13       GPL     R/O      1  SATA NCQ Send and Receive log\\r\\n0x21       GPL     R/O      1  Write stream error log\\r\\n0x22       GPL     R/O      1  Read stream error log\\r\\n0x24       GPL     R/O    768  Current Device Internal Status Data log\\r\\n0x2f       GPL     R/O      1  Set Sector Configuration\\r\\n0x30       GPL,SL  R/O      9  IDENTIFY DEVICE data log\\r\\n0x80-0x9f  GPL,SL  R/W     16  Host vendor specific log\\r\\n0xa1       GPL,SL  VS     160  Device vendor specific log\\r\\n0xa2       GPL     VS   16320  Device vendor specific log\\r\\n0xa4       GPL,SL  VS     160  Device vendor specific log\\r\\n0xa6       GPL     VS     192  Device vendor specific log\\r\\n0xa8-0xa9  GPL,SL  VS     136  Device vendor specific log\\r\\n0xab       GPL     VS       1  Device vendor specific log\\r\\n0xad       GPL     VS      16  Device vendor specific log\\r\\n0xb1       GPL,SL  VS     160  Device vendor specific log\\r\\n0xb6       GPL     VS    1920  Device vendor specific log\\r\\n0xbe-0xbf  GPL     VS   65535  Device vendor specific log\\r\\n0xc1       GPL,SL  VS       8  Device vendor specific log\\r\\n0xc3       GPL,SL  VS      24  Device vendor specific log\\r\\n0xc6       GPL     VS    5184  Device vendor specific log\\r\\n0xc7       GPL,SL  VS       8  Device vendor specific log\\r\\n0xc9       GPL,SL  VS       8  Device vendor specific log\\r\\n0xca       GPL,SL  VS      16  Device vendor specific log\\r\\n0xcd       GPL,SL  VS       1  Device vendor specific log\\r\\n0xce       GPL     VS       1  Device vendor specific log\\r\\n0xcf       GPL     VS     512  Device vendor specific log\\r\\n0xd1       GPL     VS     656  Device vendor specific log\\r\\n0xd2       GPL     VS   10256  Device vendor specific log\\r\\n0xd4       GPL     VS    2048  Device vendor specific log\\r\\n0xda       GPL,SL  VS       1  Device vendor specific log\\r\\n0xe0       GPL,SL  R/W      1  SCT Command/Status\\r\\n0xe1       GPL,SL  R/W      1  SCT Data Transfer\\r\\n\\r\\nSMART Extended Comprehensive Error Log Version: 1 (5 sectors)\\r\\nNo Errors Logged\\r\\n\\r\\nSMART Extended Self-test Log Version: 1 (1 sectors)\\r\\nNo self-tests have been logged.  [To run self-tests, use: smartctl -t]\\r\\n\\r\\nSelective Self-tests/Logging not supported\\r\\n\\r\\nSCT Status Version:                  3\\r\\nSCT Version (vendor specific):       522 (0x020a)\\r\\nDevice State:                        Active (0)\\r\\nCurrent Temperature:                    35 Celsius\\r\\nPower Cycle Min/Max Temperature:     30/45 Celsius\\r\\nLifetime    Min/Max Temperature:     22/50 Celsius\\r\\nUnder/Over Temperature Limit Count:   0/49\\r\\nSMART Status:                        0xc24f (PASSED)\\r\\nVendor specific:\\r\\n00 00 00 00 00 00 00 00 00 00 00 00 00 00 00 00\\r\\n00 00 00 00 02 00 00 00 00 00 00 00 00 00 00 00\\r\\n\\r\\nSCT Temperature History Version:     2\\r\\nTemperature Sampling Period:         4 minutes\\r\\nTemperature Logging Interval:        59 minutes\\r\\nMin/Max recommended Temperature:     10/40 Celsius\\r\\nMin/Max Temperature Limit:            5/60 Celsius\\r\\nTemperature History Size (Index):    128 (88)\\r\\n\\r\\nIndex    Estimated Time   Temperature Celsius\\r\\n  89    2024-10-11 09:27    35  ****************\\r\\n ...    ..(  3 skipped).    ..  ****************\\r\\n  93    2024-10-11 13:23    35  ****************\\r\\n  94    2024-10-11 14:22    36  *****************\\r\\n  95    2024-10-11 15:21    35  ****************\\r\\n  96    2024-10-11 16:20    35  ****************\\r\\n  97    2024-10-11 17:19    36  *****************\\r\\n  98    2024-10-11 18:18    35  ****************\\r\\n  99    2024-10-11 19:17    35  ****************\\r\\n 100    2024-10-11 20:16    36  *****************\\r\\n 101    2024-10-11 21:15    35  ****************\\r\\n ...    ..( 16 skipped).    ..  ****************\\r\\n 118    2024-10-12 13:58    35  ****************\\r\\n 119    2024-10-12 14:57    36  *****************\\r\\n ...    ..(  8 skipped).    ..  *****************\\r\\n   0    2024-10-12 23:48    36  *****************\\r\\n   1    2024-10-13 00:47    35  ****************\\r\\n ...    ..( 13 skipped).    ..  ****************\\r\\n  15    2024-10-13 14:33    35  ****************\\r\\n  16    2024-10-13 15:32    36  *****************\\r\\n  17    2024-10-13 16:31    35  ****************\\r\\n ...    ..(  8 skipped).    ..  ****************\\r\\n  26    2024-10-14 01:22    35  ****************\\r\\n  27    2024-10-14 02:21    36  *****************\\r\\n  28    2024-10-14 03:20    37  ******************\\r\\n  29    2024-10-14 04:19    35  ****************\\r\\n ...    ..( 26 skipped).    ..  ****************\\r\\n  56    2024-10-15 06:52    35  ****************\\r\\n  57    2024-10-15 07:51    36  *****************\\r\\n  58    2024-10-15 08:50    35  ****************\\r\\n  59    2024-10-15 09:49    35  ****************\\r\\n  60    2024-10-15 10:48    35  ****************\\r\\n  61    2024-10-15 11:47    36  *****************\\r\\n ...    ..(  7 skipped).    ..  *****************\\r\\n  69    2024-10-15 19:39    36  *****************\\r\\n  70    2024-10-15 20:38    35  ****************\\r\\n ...    ..(  4 skipped).    ..  ****************\\r\\n  75    2024-10-16 01:33    35  ****************\\r\\n  76    2024-10-16 02:32    34  ***************\\r\\n  77    2024-10-16 03:31    34  ***************\\r\\n  78    2024-10-16 04:30    33  **************\\r\\n  79    2024-10-16 05:29    33  **************\\r\\n  80    2024-10-16 06:28    33  **************\\r\\n  81    2024-10-16 07:27    32  *************\\r\\n  82    2024-10-16 08:26    32  *************\\r\\n  83    2024-10-16 09:25    31  ************\\r\\n  84    2024-10-16 10:24    32  *************\\r\\n  85    2024-10-16 11:23    31  ************\\r\\n  86    2024-10-16 12:22    32  *************\\r\\n  87    2024-10-16 13:21    32  *************\\r\\n  88    2024-10-16 14:20    33  **************\\r\\n\\r\\nSCT Error Recovery Control:\\r\\n           Read:    100 (10,0 seconds)\\r\\n          Write:    100 (10,0 seconds)\\r\\n\\r\\nDevice Statistics (GP Log 0x04)\\r\\nPage  Offset Size        Value Flags Description\\r\\n0x01  =====  =               =  ===  == General Statistics (rev 1) ==\\r\\n0x01  0x008  4              13  ---  Lifetime Power-On Resets\\r\\n0x01  0x010  4           10644  ---  Power-on Hours\\r\\n0x01  0x018  6     44690394833  ---  Logical Sectors Written\\r\\n0x01  0x020  6       197547369  ---  Number of Write Commands\\r\\n0x01  0x028  6    377726615134  ---  Logical Sectors Read\\r\\n0x01  0x030  6        92609984  ---  Number of Read Commands\\r\\n0x01  0x038  6   1728798067216  ---  Date and Time TimeStamp\\r\\n0x03  =====  =               =  ===  == Rotating Media Statistics (rev 1) ==\\r\\n0x03  0x008  4           10635  ---  Spindle Motor Power-on Hours\\r\\n0x03  0x010  4            3740  ---  Head Flying Hours\\r\\n0x03  0x018  4           14446  ---  Head Load Events\\r\\n0x03  0x020  4               0  ---  Number of Reallocated Logical Sectors\\r\\n0x03  0x028  4               0  ---  Read Recovery Attempts\\r\\n0x03  0x030  4               0  ---  Number of Mechanical Start Failures\\r\\n0x03  0x038  4               0  ---  Number of Realloc. Candidate Logical Sectors\\r\\n0x03  0x040  4               4  ---  Number of High Priority Unload Events\\r\\n0x04  =====  =               =  ===  == General Errors Statistics (rev 1) ==\\r\\n0x04  0x008  4               0  ---  Number of Reported Uncorrectable Errors\\r\\n0x04  0x010  4               0  ---  Resets Between Cmd Acceptance and Completion\\r\\n0x04  0x018  4               0  -D-  Physical Element Status Changed\\r\\n0x05  =====  =               =  ===  == Temperature Statistics (rev 1) ==\\r\\n0x05  0x008  1              35  ---  Current Temperature\\r\\n0x05  0x010  1              34  ---  Average Short Term Temperature\\r\\n0x05  0x018  1              35  ---  Average Long Term Temperature\\r\\n0x05  0x020  1              50  ---  Highest Temperature\\r\\n0x05  0x028  1              23  ---  Lowest Temperature\\r\\n0x05  0x030  1              47  ---  Highest Average Short Term Temperature\\r\\n0x05  0x038  1              31  ---  Lowest Average Short Term Temperature\\r\\n0x05  0x040  1              42  ---  Highest Average Long Term Temperature\\r\\n0x05  0x048  1              35  ---  Lowest Average Long Term Temperature\\r\\n0x05  0x050  4               0  ---  Time in Over-Temperature\\r\\n0x05  0x058  1              60  ---  Specified Maximum Operating Temperature\\r\\n0x05  0x060  4               0  ---  Time in Under-Temperature\\r\\n0x05  0x068  1               5  ---  Specified Minimum Operating Temperature\\r\\n0x06  =====  =               =  ===  == Transport Statistics (rev 1) ==\\r\\n0x06  0x008  4              36  ---  Number of Hardware Resets\\r\\n0x06  0x010  4              16  ---  Number of ASR Events\\r\\n0x06  0x018  4               0  ---  Number of Interface CRC Errors\\r\\n0xff  =====  =               =  ===  == Vendor Specific Statistics (rev 1) ==\\r\\n0xff  0x008  7               0  ---  Vendor Specific\\r\\n0xff  0x010  7               0  ---  Vendor Specific\\r\\n0xff  0x018  7               0  ---  Vendor Specific\\r\\n                                |||_ C monitored condition met\\r\\n                                ||__ D supports DSN\\r\\n                                |___ N normalized value\\r\\n\\r\\nPending Defects log (GP Log 0x0c)\\r\\nNo Defects Logged\\r\\n\\r\\nSATA Phy Event Counters (GP Log 0x11)\\r\\nID      Size     Value  Description\\r\\n0x000a  2            6  Device-to-host register FISes sent due to a COMRESET\\r\\n0x0001  2            0  Command failed due to ICRC error\\r\\n0x0003  2            0  R_ERR response for device-to-host data FIS\\r\\n0x0004  2            0  R_ERR response for host-to-device data FIS\\r\\n0x0006  2            0  R_ERR response for device-to-host non-data FIS\\r\\n0x0007  2            0  R_ERR response for host-to-device non-data FIS\\r\\n\\r\\nSeagate FARM log (GP Log 0xa6) supported [try: -l farm]\\r\\n\\r\\n\"}, {\"DISK_NAME\": \"sdb\", \"PARAMS\": \"smartctl 7.4 2023-08-01 r5530 [x86_64-w64-mingw32-2016-1607] (sf-7.4-1)\\r\\nCopyright (C) 2002-23, Bruce Allen, Christian Franke, www.smartmontools.org\\r\\n\\r\\n=== START OF INFORMATION SECTION ===\\r\\nModel Number:                       EX282321RUS\\r\\nSerial Number:                      EX53051092025691081\\r\\nFirmware Version:                   S1111A0L\\r\\nPCI Vendor/Subsystem ID:            0x126f\\r\\nIEEE OUI Identifier:                0x000001\\r\\nTotal NVM Capacity:                 256\\u00a0060\\u00a0514\\u00a0304 [256 GB]\\r\\nUnallocated NVM Capacity:           0\\r\\nController ID:                      1\\r\\nNVMe Version:                       1.3\\r\\nNumber of Namespaces:               1\\r\\nNamespace 1 Size/Capacity:          256\\u00a0060\\u00a0514\\u00a0304 [256 GB]\\r\\nNamespace 1 Formatted LBA Size:     512\\r\\nNamespace 1 IEEE EUI-64:            000001 0000000000\\r\\nLocal Time is:                      Wed Oct 16 14:37:31 2024 RTZST\\r\\nFirmware Updates (0x12):            1 Slot, no Reset required\\r\\nOptional Admin Commands (0x0007):   Security Format Frmw_DL\\r\\nOptional NVM Commands (0x0015):     Comp DS_Mngmt Sav/Sel_Feat\\r\\nLog Page Attributes (0x03):         S/H_per_NS Cmd_Eff_Lg\\r\\nMaximum Data Transfer Size:         64 Pages\\r\\nWarning  Comp. Temp. Threshold:     83 Celsius\\r\\nCritical Comp. Temp. Threshold:     85 Celsius\\r\\n\\r\\nSupported Power States\\r\\nSt Op     Max   Active     Idle   RL RT WL WT  Ent_Lat  Ex_Lat\\r\\n 0 +     9.00W       -        -    0  0  0  0        0       0\\r\\n\\r\\nSupported LBA Sizes (NSID 0x1)\\r\\nId Fmt  Data  Metadt  Rel_Perf\\r\\n 0 +     512       0         0\\r\\n\\r\\n=== START OF SMART DATA SECTION ===\\r\\nSMART overall-health self-assessment test result: PASSED\\r\\n\\r\\nSMART/Health Information (NVMe Log 0x02)\\r\\nCritical Warning:                   0x00\\r\\nTemperature:                        42 Celsius\\r\\nAvailable Spare:                    100%\\r\\nAvailable Spare Threshold:          10%\\r\\nPercentage Used:                    0%\\r\\nData Units Read:                    94\\u00a0650 [48,4 GB]\\r\\nData Units Written:                 130\\u00a0215 [66,6 GB]\\r\\nHost Read Commands:                 1\\u00a0503\\u00a0203\\r\\nHost Write Commands:                1\\u00a0290\\u00a0051\\r\\nController Busy Time:               50\\r\\nPower Cycles:                       65\\r\\nPower On Hours:                     28\\u00a0134\\r\\nUnsafe Shutdowns:                   39\\r\\nMedia and Data Integrity Errors:    0\\r\\nError Information Log Entries:      0\\r\\nWarning  Comp. Temperature Time:    0\\r\\nCritical Comp. Temperature Time:    0\\r\\n\\r\\nError Information (NVMe Log 0x01, 16 of 64 entries)\\r\\nNo Errors Logged\\r\\n\\r\\nSelf-tests not supported\\r\\n\\r\\n\"}]}\n"
     ]
    }
   ],
   "source": [
    "# https://habr.com/ru/articles/345502/\n",
    "from subprocess import Popen, PIPE, check_output\n",
    "import re\n",
    "import json\n",
    "import sys\n",
    "import hashlib\n",
    "\n",
    "path = '\\\"C:\\\\Program Files\\\\smartmontools\\\\bin\\\\smartctl\\\"'  # for linux use 'sudo smartctl'\n",
    "codec = 'windows-1252'  # for linux use utf8\n",
    "\n",
    "data = check_output(path + \" --scan\").decode(codec)\n",
    "disks = set(re.findall(r'/dev/(.{3})', data))\n",
    "output = []\n",
    "\n",
    "for disk in disks:\n",
    "    all_smart = Popen('{} -x /dev/{}'.format(path, disk), shell=True, stdout=PIPE).communicate()[0].decode(codec)\n",
    "    output.append({\"DISK_NAME\": disk, \"PARAMS\": all_smart})\n",
    "output = {\"data\": output}\n",
    "print(json.dumps(output))"
   ]
  },
  {
   "cell_type": "code",
   "execution_count": 21,
   "id": "2ab63901-980a-4a0e-91d9-ae31eda2ed16",
   "metadata": {},
   "outputs": [
    {
     "data": {
      "text/plain": [
       "'/dev/sda -d ata # /dev/sda, ATA device\\r\\n/dev/sdb -d nvme # /dev/sdb, NVMe device\\r\\n/dev/sdc -d nvme # /dev/sdc, NVMe device\\r\\n'"
      ]
     },
     "execution_count": 21,
     "metadata": {},
     "output_type": "execute_result"
    }
   ],
   "source": [
    "check_output(path + \" --scan\").decode(codec)"
   ]
  },
  {
   "cell_type": "code",
   "execution_count": 28,
   "id": "9986088c-4c09-4570-9bc2-62330a512a9f",
   "metadata": {},
   "outputs": [
    {
     "data": {
      "text/plain": [
       "'smartctl 7.4 2023-08-01 r5530 [x86_64-w64-mingw32-2016-1607] (sf-7.4-1)\\r\\nCopyright (C) 2002-23, Bruce Allen, Christian Franke, www.smartmontools.org\\r\\n\\r\\n=== START OF INFORMATION SECTION ===\\r\\nModel Number:                       EX282321RUS\\r\\nSerial Number:                      EX53051092025691081\\r\\nFirmware Version:                   S1111A0L\\r\\nPCI Vendor/Subsystem ID:            0x126f\\r\\nIEEE OUI Identifier:                0x000001\\r\\nTotal NVM Capacity:                 256\\xa0060\\xa0514\\xa0304 [256 GB]\\r\\nUnallocated NVM Capacity:           0\\r\\nController ID:                      1\\r\\nNVMe Version:                       1.3\\r\\nNumber of Namespaces:               1\\r\\nNamespace 1 Size/Capacity:          256\\xa0060\\xa0514\\xa0304 [256 GB]\\r\\nNamespace 1 Formatted LBA Size:     512\\r\\nNamespace 1 IEEE EUI-64:            000001 0000000000\\r\\nLocal Time is:                      Wed Oct 16 14:34:13 2024 RTZST\\r\\n\\r\\n'"
      ]
     },
     "execution_count": 28,
     "metadata": {},
     "output_type": "execute_result"
    }
   ],
   "source": [
    "smart"
   ]
  },
  {
   "cell_type": "code",
   "execution_count": null,
   "id": "a1789ce3-414e-47b6-bc82-27d36df44ee3",
   "metadata": {},
   "outputs": [],
   "source": []
  }
 ],
 "metadata": {
  "kernelspec": {
   "display_name": "Python 3 (ipykernel)",
   "language": "python",
   "name": "python3"
  },
  "language_info": {
   "codemirror_mode": {
    "name": "ipython",
    "version": 3
   },
   "file_extension": ".py",
   "mimetype": "text/x-python",
   "name": "python",
   "nbconvert_exporter": "python",
   "pygments_lexer": "ipython3",
   "version": "3.11.10"
  }
 },
 "nbformat": 4,
 "nbformat_minor": 5
}
